<html>
<body>
<pre>
<h1>µVision Build Log</h1>
<h2>Tool Versions:</h2>
IDE-Version: ¦ÌVision V5.18a
Copyright (C) 2016 ARM Ltd and ARM Germany GmbH. All rights reserved.
License Information: shuo zhang, CAUC, LIC=76FZ9-4R4ZJ-R91G6-DATCU-AUNX4-P44SS
 
Tool Versions:
Toolchain:       MDK-ARM Standard  Version: 5.18a
Toolchain Path:  D:\Keil_v5\ARM\ARMCC\Bin
C Compiler:      Armcc.exe V5.06 update 1 (build 61)
Assembler:       Armasm.exe V5.06 update 1 (build 61)
Linker/Locator:  ArmLink.exe V5.06 update 1 (build 61)
Library Manager: ArmAr.exe V5.06 update 1 (build 61)
Hex Converter:   FromElf.exe V5.06 update 1 (build 61)
CPU DLL:         SARMCM3.DLL V5.18a
Dialog DLL:      DCM.DLL V1.13.6.0
Target DLL:      Segger\JL2CM3.dll V2.99.19.0
Dialog DLL:      TCM.DLL V1.14.8.0
 
<h2>Project:</h2>
C:\Users\zhang\Desktop\CAUC_Flight\CAUC-Flight.uvprojx
Project File Date:  07/11/2018

<h2>Output:</h2>
*** Using Compiler 'V5.06 update 1 (build 61)', folder: 'D:\Keil_v5\ARM\ARMCC\Bin'
Rebuild target 'CAUC-Flight'
compiling misc.c...
compiling stm32f4xx_adc.c...
compiling stm32f4xx_can.c...
compiling stm32f4xx_crc.c...
compiling stm32f4xx_cryp.c...
compiling stm32f4xx_cryp_aes.c...
compiling stm32f4xx_cryp_des.c...
compiling stm32f4xx_cryp_tdes.c...
compiling stm32f4xx_dac.c...
compiling stm32f4xx_dbgmcu.c...
compiling stm32f4xx_dcmi.c...
compiling stm32f4xx_dma.c...
compiling stm32f4xx_dma2d.c...
compiling stm32f4xx_exti.c...
compiling stm32f4xx_flash.c...
compiling stm32f4xx_fmc.c...
compiling stm32f4xx_fsmc.c...
compiling stm32f4xx_gpio.c...
compiling stm32f4xx_hash.c...
compiling stm32f4xx_hash_md5.c...
compiling stm32f4xx_hash_sha1.c...
compiling stm32f4xx_iwdg.c...
compiling stm32f4xx_i2c.c...
compiling stm32f4xx_ltdc.c...
compiling stm32f4xx_pwr.c...
compiling stm32f4xx_rng.c...
compiling stm32f4xx_rcc.c...
compiling stm32f4xx_sdio.c...
compiling stm32f4xx_sai.c...
compiling stm32f4xx_rtc.c...
compiling stm32f4xx_spi.c...
compiling stm32f4xx_syscfg.c...
compiling stm32f4xx_tim.c...
compiling main.c...
compiling stm32f4xx_usart.c...
compiling stm32f4xx_wwdg.c...
compiling device_ak8975.c...
compiling device_iic.c...
compiling device_fatfs.c...
compiling device_led.c...
compiling device_mpu6050.c...
compiling device_ms5611.c...
compiling device_pwm_in.c...
compiling device_timer.c...
compiling device_pwm_out.c...
compiling usb_config.c...
compiling device_w25qxx.c...
compiling usbd_user_hid.c...
compiling device_usart.c...
compiling device_power.c...
compiling device_beep.c...
compiling usbd_STM32F4xx_FS.c...
compiling data_transfer.c...
compiling ctrl.c...
compiling filter.c...
compiling init.c...
compiling height_ctrl.c...
compiling imu.c...
compiling mymath.c...
compiling Optical_Flow.c...
compiling position_control.c...
compiling scheduler.c...
compiling rc.c...
compiling time.c...
compiling driver_disk.c...
compiling driver_ak8975.c...
compiling OFposition_control.c...
compiling driver_GPS.c...
compiling driver_led.c...
compiling driver_mpu6050.c...
compiling driver_ms5611.c...
compiling driver_parameter.c...
compiling driver_pwm_in.c...
compiling driver_ultrasonic.c...
compiling driver_usart.c...
compiling driver_pwm_out.c...
compiling driver_lidarlite.c...
compiling driver_power.c...
compiling driver_beep.c...
assembling startup_stm32f40_41xxx.s...
compiling version.c...
compiling usbd_core.c...
compiling system_stm32f4xx.c...
compiling stm32f4xx_it.c...
compiling usbd_core_hid.c...
compiling usbd_hid.c...
linking...
Program Size: Code=75686 RO-data=3274 RW-data=2124 ZI-data=16012  
FromELF: creating hex file...
".\Objects\CAUC-Flight.axf" - 0 Error(s), 0 Warning(s).

<h2>Collection of Component include folders:</h2>
  C:\Users\zhang\Desktop\CAUC_Flight\RTE
  D:\Keil_v5\ARM\PACK\Keil\STM32F4xx_DFP\2.11.0\Drivers\CMSIS\Device\ST\STM32F4xx\Include

<h2>Collection of Component Files used:</h2>
Build Time Elapsed:  00:00:53
</pre>
</body>
</html>
